******************************************************************************
                  TI ARM Linker PC v5.1.6                      
******************************************************************************
>> Linked Sat Apr 25 18:34:08 2015

OUTPUT FILE NAME:   <mts_Tiva_Code_1.0.out>
ENTRY POINT SYMBOL: "_c_int00"  address: 000019cd


MEMORY CONFIGURATION

         name            origin    length      used     unused   attr    fill
----------------------  --------  ---------  --------  --------  ----  --------
  FLASH                 00000000   00040000  00001c8e  0003e372  R  X
  SRAM                  20000000   00008000  00000226  00007dda  RW X


SEGMENT ALLOCATION MAP

run origin  load origin   length   init length attrs members
----------  ----------- ---------- ----------- ----- -------
00000000    00000000    00001c90   00001c90    r-x
  00000000    00000000    0000026c   0000026c    r-- .intvecs
  0000026c    0000026c    0000197e   0000197e    r-x .text
  00001bec    00001bec    0000006c   0000006c    r-- .const
  00001c58    00001c58    00000038   00000038    r-- .cinit
20000000    20000000    00000226   00000000    rw-
  20000000    20000000    00000200   00000000    rw- .stack
  20000200    20000200    00000014   00000000    rw- .data
  20000214    20000214    00000012   00000000    rw- .bss


SECTION ALLOCATION MAP

 output                                  attributes/
section   page    origin      length       input sections
--------  ----  ----------  ----------   ----------------
.intvecs   0    00000000    0000026c     
                  00000000    0000026c     tm4c123gh6pm_startup_ccs.obj (.intvecs)

.init_array 
*          0    00000000    00000000     UNINITIALIZED

.text      0    0000026c    0000197e     
                  0000026c    000012c4     main.obj (.text)
                  00001530    000001f4     rtsv7M4_T_le_v4SPD16_eabi.lib : ull_div_t2.obj (.text)
                  00001724    00000118     driverlib.lib : sysctl.obj (.text:SysCtlClockGet)
                  0000183c    0000009c     rtsv7M4_T_le_v4SPD16_eabi.lib : memcpy_t2.obj (.text)
                  000018d8    00000094                                   : auto_init.obj (.text)
                  0000196c    0000005e                                   : copy_decompress_rle.obj (.text)
                  000019ca    00000002     --HOLE-- [fill = 0]
                  000019cc    00000048                                   : boot.obj (.text)
                  00001a14    00000044                                   : cpy_tbl.obj (.text)
                  00001a58    00000044                                   : exit.obj (.text)
                  00001a9c    0000001e     driverlib.lib : pwm.obj (.text:PWMPulseWidthGet)
                  00001aba    00000002     --HOLE-- [fill = 0]
                  00001abc    00000018     rtsv7M4_T_le_v4SPD16_eabi.lib : args_main.obj (.text)
                  00001ad4    00000018                                   : ll_mul_t2.obj (.text)
                  00001aec    00000016     driverlib.lib : timer.obj (.text:TimerValueGet64)
                  00001b02    00000002     --HOLE-- [fill = 0]
                  00001b04    00000014                   : timer.obj (.text:TimerDisable)
                  00001b18    00000014     rtsv7M4_T_le_v4SPD16_eabi.lib : _lock.obj (.text)
                  00001b2c    00000012     driverlib.lib : timer.obj (.text:TimerLoadSet)
                  00001b3e    00000012     rtsv7M4_T_le_v4SPD16_eabi.lib : copy_zero_init.obj (.text:decompress:ZI)
                  00001b50    0000000e     driverlib.lib : timer.obj (.text:TimerEnable)
                  00001b5e    0000000e                   : uart.obj (.text:UARTCharGetNonBlocking)
                  00001b6c    0000000e                   : uart.obj (.text:UARTCharPutNonBlocking)
                  00001b7a    0000000e     rtsv7M4_T_le_v4SPD16_eabi.lib : copy_decompress_none.obj (.text:decompress:none)
                  00001b88    0000000c     driverlib.lib : cpu.obj (.text:CPUcpsie)
                  00001b94    0000000c                   : uart.obj (.text:UARTCharsAvail)
                  00001ba0    0000000c     tm4c123gh6pm_startup_ccs.obj (.text)
                  00001bac    0000000a     driverlib.lib : interrupt.obj (.text:IntMasterEnable)
                  00001bb6    00000008                   : i2c.obj (.text:I2CMasterBusy)
                  00001bbe    00000008                   : i2c.obj (.text:I2CMasterSlaveAddrSet)
                  00001bc6    00000008                   : timer.obj (.text:TimerLoadSet64)
                  00001bce    00000006                   : gpio.obj (.text:GPIOPinWrite)
                  00001bd4    00000006     rtsv7M4_T_le_v4SPD16_eabi.lib : copy_decompress_rle.obj (.text:decompress:rle24)
                  00001bda    00000004     driverlib.lib : i2c.obj (.text:I2CMasterControl)
                  00001bde    00000004                   : i2c.obj (.text:I2CMasterDataGet)
                  00001be2    00000004                   : i2c.obj (.text:I2CMasterDataPut)
                  00001be6    00000004                   : timer.obj (.text:TimerIntClear)

.const     0    00001bec    0000006c     
                  00001bec    0000006c     driverlib.lib : sysctl.obj (.const:g_pui32Xtals)

.cinit     0    00001c58    00000038     
                  00001c58    0000000f     (.cinit..data.load) [load image, compression = rle]
                  00001c67    00000001     --HOLE-- [fill = 0]
                  00001c68    0000000c     (__TI_handler_table)
                  00001c74    00000004     --HOLE-- [fill = 0]
                  00001c78    00000008     (.cinit..bss.load) [load image, compression = zero_init]
                  00001c80    00000010     (__TI_cinit_table)

.stack     0    20000000    00000200     UNINITIALIZED
                  20000000    00000200     --HOLE--

.data      0    20000200    00000014     UNINITIALIZED
                  20000200    00000008     rtsv7M4_T_le_v4SPD16_eabi.lib : _lock.obj (.data)
                  20000208    00000008                                   : exit.obj (.data)
                  20000210    00000004                                   : stkdepth_vars.obj (.data)

.bss       0    20000214    00000012     UNINITIALIZED
                  20000214    00000004     (.common:bytes_2)
                  20000218    00000004     (.common:bytes_4)
                  2000021c    00000004     (.common:timeMilli)
                  20000220    00000004     (.common:timerLoad)
                  20000224    00000001     (.common:nextDataBundle)
                  20000225    00000001     (.common:nextSection)


LINKER GENERATED COPY TABLES

__TI_cinit_table @ 00001c80 records: 2, size/record: 8, table size: 16
	.data: load addr=00001c58, load size=0000000f bytes, run addr=20000200, run size=00000014 bytes, compression=rle
	.bss: load addr=00001c78, load size=00000008 bytes, run addr=20000214, run size=00000012 bytes, compression=zero_init


LINKER GENERATED HANDLER TABLE

__TI_handler_table @ 00001c68 records: 3, size/record: 4, table size: 12
	index: 0, handler: __TI_decompress_rle24
	index: 1, handler: __TI_decompress_none
	index: 2, handler: __TI_zero_init


GLOBAL SYMBOLS: SORTED ALPHABETICALLY BY Name 

address    name
--------   ----
00001a59   C$$EXIT
00001b89   CPUcpsie
00000f71   CalibrationProgram
00001139   Config
00001bcf   GPIOPinWrite
00000395   GatherData
00001bb7   I2CMasterBusy
00001bdb   I2CMasterControl
00001bdf   I2CMasterDataGet
00001be3   I2CMasterDataPut
00001bbf   I2CMasterSlaveAddrSet
00001bad   IntMasterEnable
00001a9d   PWMPulseWidthGet
00000283   ReadI2CADC
00001ba1   ResetISR
UNDEFED    SHT$$INIT_ARRAY$$Base
UNDEFED    SHT$$INIT_ARRAY$$Limit
00001725   SysCtlClockGet
000005fd   TestProgram1
00000985   TestProgram2
00000d1d   TestProgram3
000010f5   Timer0IntHandler
00001107   Timer1AIntHandler
00001b05   TimerDisable
00001b51   TimerEnable
00001be7   TimerIntClear
00001b2d   TimerLoadSet
00001bc7   TimerLoadSet64
00001aed   TimerValueGet64
00001b5f   UARTCharGetNonBlocking
00001b6d   UARTCharPutNonBlocking
00001b95   UARTCharsAvail
0000026d   UARTFlush
20000200   __STACK_END
00000200   __STACK_SIZE
20000200   __STACK_TOP
00001c80   __TI_CINIT_Base
00001c90   __TI_CINIT_Limit
00001c68   __TI_Handler_Table_Base
00001c74   __TI_Handler_Table_Limit
00000001   __TI_args_main
000018d9   __TI_auto_init
20000208   __TI_cleanup_ptr
00001b7b   __TI_decompress_none
00001bd5   __TI_decompress_rle24
2000020c   __TI_dtors_ptr
00000000   __TI_static_base__
00001b3f   __TI_zero_init
00001ad5   __aeabi_lmul
0000183d   __aeabi_memcpy
0000183d   __aeabi_memcpy4
0000183d   __aeabi_memcpy8
00001531   __aeabi_uldivmod
ffffffff   __binit__
ffffffff   __c_args__
20000000   __stack
00001abd   _args_main
000019cd   _c_int00
20000200   _lock
00001b27   _nop
00001b1f   _register_lock
00001b19   _register_unlock
20000204   _unlock
00001a5d   abort
ffffffff   binit
20000214   bytes_2
20000218   bytes_4
00001a15   copy_in
00001a65   exit
00000000   g_pfnVectors
0000130f   main
20000210   main_func_sp
0000183d   memcpy
20000224   nextDataBundle
20000225   nextSection
2000021c   timeMilli
20000220   timerLoad


GLOBAL SYMBOLS: SORTED BY Symbol Address 

address    name
--------   ----
00000000   __TI_static_base__
00000000   g_pfnVectors
00000001   __TI_args_main
00000200   __STACK_SIZE
0000026d   UARTFlush
00000283   ReadI2CADC
00000395   GatherData
000005fd   TestProgram1
00000985   TestProgram2
00000d1d   TestProgram3
00000f71   CalibrationProgram
000010f5   Timer0IntHandler
00001107   Timer1AIntHandler
00001139   Config
0000130f   main
00001531   __aeabi_uldivmod
00001725   SysCtlClockGet
0000183d   __aeabi_memcpy
0000183d   __aeabi_memcpy4
0000183d   __aeabi_memcpy8
0000183d   memcpy
000018d9   __TI_auto_init
000019cd   _c_int00
00001a15   copy_in
00001a59   C$$EXIT
00001a5d   abort
00001a65   exit
00001a9d   PWMPulseWidthGet
00001abd   _args_main
00001ad5   __aeabi_lmul
00001aed   TimerValueGet64
00001b05   TimerDisable
00001b19   _register_unlock
00001b1f   _register_lock
00001b27   _nop
00001b2d   TimerLoadSet
00001b3f   __TI_zero_init
00001b51   TimerEnable
00001b5f   UARTCharGetNonBlocking
00001b6d   UARTCharPutNonBlocking
00001b7b   __TI_decompress_none
00001b89   CPUcpsie
00001b95   UARTCharsAvail
00001ba1   ResetISR
00001bad   IntMasterEnable
00001bb7   I2CMasterBusy
00001bbf   I2CMasterSlaveAddrSet
00001bc7   TimerLoadSet64
00001bcf   GPIOPinWrite
00001bd5   __TI_decompress_rle24
00001bdb   I2CMasterControl
00001bdf   I2CMasterDataGet
00001be3   I2CMasterDataPut
00001be7   TimerIntClear
00001c68   __TI_Handler_Table_Base
00001c74   __TI_Handler_Table_Limit
00001c80   __TI_CINIT_Base
00001c90   __TI_CINIT_Limit
20000000   __stack
20000200   __STACK_END
20000200   __STACK_TOP
20000200   _lock
20000204   _unlock
20000208   __TI_cleanup_ptr
2000020c   __TI_dtors_ptr
20000210   main_func_sp
20000214   bytes_2
20000218   bytes_4
2000021c   timeMilli
20000220   timerLoad
20000224   nextDataBundle
20000225   nextSection
ffffffff   __binit__
ffffffff   __c_args__
ffffffff   binit
UNDEFED    SHT$$INIT_ARRAY$$Base
UNDEFED    SHT$$INIT_ARRAY$$Limit

[77 symbols]
