******************************************************************************
                  TI ARM Linker PC v5.1.6                      
******************************************************************************
>> Linked Wed Apr 29 16:17:52 2015

OUTPUT FILE NAME:   <mts_Tiva_Code_1.2.out>
ENTRY POINT SYMBOL: "_c_int00"  address: 00001cb9


MEMORY CONFIGURATION

         name            origin    length      used     unused   attr    fill
----------------------  --------  ---------  --------  --------  ----  --------
  FLASH                 00000000   00040000  00002014  0003dfec  R  X
  SRAM                  20000000   00008000  00000233  00007dcd  RW X


SEGMENT ALLOCATION MAP

run origin  load origin   length   init length attrs members
----------  ----------- ---------- ----------- ----- -------
00000000    00000000    00002018   00002018    r-x
  00000000    00000000    0000026c   0000026c    r-- .intvecs
  0000026c    0000026c    00001c94   00001c94    r-x .text
  00001f00    00001f00    000000dc   000000dc    r-- .const
  00001fe0    00001fe0    00000038   00000038    r-- .cinit
20000000    20000000    00000234   00000000    rw-
  20000000    20000000    00000200   00000000    rw- .stack
  20000200    20000200    0000001f   00000000    rw- .bss
  20000220    20000220    00000014   00000000    rw- .data


SECTION ALLOCATION MAP

 output                                  attributes/
section   page    origin      length       input sections
--------  ----  ----------  ----------   ----------------
.intvecs   0    00000000    0000026c     
                  00000000    0000026c     tm4c123gh6pm_startup_ccs.obj (.intvecs)

.init_array 
*          0    00000000    00000000     UNINITIALIZED

.text      0    0000026c    00001c94     
                  0000026c    000014f0     main.obj (.text)
                  0000175c    000001f4     rtsv7M4_T_le_v4SPD16_eabi.lib : ull_div_t2.obj (.text)
                  00001950    00000118     driverlib.lib : sysctl.obj (.text:SysCtlClockGet)
                  00001a68    0000009c     rtsv7M4_T_le_v4SPD16_eabi.lib : memcpy_t2.obj (.text)
                  00001b04    00000094                                   : auto_init.obj (.text)
                  00001b98    00000060     driverlib.lib : interrupt.obj (.text:IntDisable)
                  00001bf8    00000060                   : interrupt.obj (.text:IntEnable)
                  00001c58    0000005e     rtsv7M4_T_le_v4SPD16_eabi.lib : copy_decompress_rle.obj (.text)
                  00001cb6    00000002     --HOLE-- [fill = 0]
                  00001cb8    00000048                                   : boot.obj (.text)
                  00001d00    00000044                                   : cpy_tbl.obj (.text)
                  00001d44    00000044                                   : exit.obj (.text)
                  00001d88    0000001e     driverlib.lib : pwm.obj (.text:PWMPulseWidthGet)
                  00001da6    00000002     --HOLE-- [fill = 0]
                  00001da8    00000018     rtsv7M4_T_le_v4SPD16_eabi.lib : args_main.obj (.text)
                  00001dc0    00000018                                   : ll_mul_t2.obj (.text)
                  00001dd8    00000016     driverlib.lib : timer.obj (.text:TimerValueGet64)
                  00001dee    00000002     --HOLE-- [fill = 0]
                  00001df0    00000014                   : timer.obj (.text:TimerDisable)
                  00001e04    00000014     rtsv7M4_T_le_v4SPD16_eabi.lib : _lock.obj (.text)
                  00001e18    00000012     driverlib.lib : timer.obj (.text:TimerLoadSet)
                  00001e2a    00000012     rtsv7M4_T_le_v4SPD16_eabi.lib : copy_zero_init.obj (.text:decompress:ZI)
                  00001e3c    0000000e     driverlib.lib : gpio.obj (.text:GPIOIntDisable)
                  00001e4a    0000000e                   : timer.obj (.text:TimerEnable)
                  00001e58    0000000e                   : uart.obj (.text:UARTCharGetNonBlocking)
                  00001e66    0000000e                   : uart.obj (.text:UARTCharPutNonBlocking)
                  00001e74    0000000e     rtsv7M4_T_le_v4SPD16_eabi.lib : copy_decompress_none.obj (.text:decompress:none)
                  00001e82    0000000c     driverlib.lib : cpu.obj (.text:CPUcpsie)
                  00001e8e    0000000c                   : gpio.obj (.text:GPIOIntEnable)
                  00001e9a    0000000c                   : uart.obj (.text:UARTCharsAvail)
                  00001ea6    0000000c     tm4c123gh6pm_startup_ccs.obj (.text)
                  00001eb2    0000000a     driverlib.lib : interrupt.obj (.text:IntMasterEnable)
                  00001ebc    0000000a                   : timer.obj (.text:TimerValueGet)
                  00001ec6    00000008                   : i2c.obj (.text:I2CMasterBusy)
                  00001ece    00000008                   : i2c.obj (.text:I2CMasterSlaveAddrSet)
                  00001ed6    00000008                   : timer.obj (.text:TimerLoadSet64)
                  00001ede    00000006                   : gpio.obj (.text:GPIOIntClear)
                  00001ee4    00000006                   : gpio.obj (.text:GPIOPinWrite)
                  00001eea    00000006     rtsv7M4_T_le_v4SPD16_eabi.lib : copy_decompress_rle.obj (.text:decompress:rle24)
                  00001ef0    00000004     driverlib.lib : i2c.obj (.text:I2CMasterControl)
                  00001ef4    00000004                   : i2c.obj (.text:I2CMasterDataGet)
                  00001ef8    00000004                   : i2c.obj (.text:I2CMasterDataPut)
                  00001efc    00000004                   : timer.obj (.text:TimerIntClear)

.const     0    00001f00    000000dc     
                  00001f00    00000070     driverlib.lib : interrupt.obj (.const)
                  00001f70    0000006c                   : sysctl.obj (.const:g_pui32Xtals)

.cinit     0    00001fe0    00000038     
                  00001fe0    0000000f     (.cinit..data.load) [load image, compression = rle]
                  00001fef    00000001     --HOLE-- [fill = 0]
                  00001ff0    0000000c     (__TI_handler_table)
                  00001ffc    00000004     --HOLE-- [fill = 0]
                  00002000    00000008     (.cinit..bss.load) [load image, compression = zero_init]
                  00002008    00000010     (__TI_cinit_table)

.stack     0    20000000    00000200     UNINITIALIZED
                  20000000    00000200     --HOLE--

.bss       0    20000200    0000001f     UNINITIALIZED
                  20000200    00000008     (.common:incr)
                  20000208    00000004     (.common:bytes_2)
                  2000020c    00000004     (.common:bytes_4)
                  20000210    00000004     (.common:freqRPM)
                  20000214    00000004     (.common:timeMilli)
                  20000218    00000004     (.common:timerLoad)
                  2000021c    00000001     (.common:nextDataBundle)
                  2000021d    00000001     (.common:nextSection)
                  2000021e    00000001     (.common:up)

.data      0    20000220    00000014     UNINITIALIZED
                  20000220    00000008     rtsv7M4_T_le_v4SPD16_eabi.lib : _lock.obj (.data)
                  20000228    00000008                                   : exit.obj (.data)
                  20000230    00000004                                   : stkdepth_vars.obj (.data)


LINKER GENERATED COPY TABLES

__TI_cinit_table @ 00002008 records: 2, size/record: 8, table size: 16
	.data: load addr=00001fe0, load size=0000000f bytes, run addr=20000220, run size=00000014 bytes, compression=rle
	.bss: load addr=00002000, load size=00000008 bytes, run addr=20000200, run size=0000001f bytes, compression=zero_init


LINKER GENERATED HANDLER TABLE

__TI_handler_table @ 00001ff0 records: 3, size/record: 4, table size: 12
	index: 0, handler: __TI_decompress_rle24
	index: 1, handler: __TI_decompress_none
	index: 2, handler: __TI_zero_init


GLOBAL SYMBOLS: SORTED ALPHABETICALLY BY Name 

address    name
--------   ----
00001d45   C$$EXIT
00001e83   CPUcpsie
00000f97   CalibrationProgram
0000128d   Config
00001edf   GPIOIntClear
00001e3d   GPIOIntDisable
00001e8f   GPIOIntEnable
00001ee5   GPIOPinWrite
00000395   GatherData
00001ec7   I2CMasterBusy
00001ef1   I2CMasterControl
00001ef5   I2CMasterDataGet
00001ef9   I2CMasterDataPut
00001ecf   I2CMasterSlaveAddrSet
00001b99   IntDisable
00001bf9   IntEnable
00001eb3   IntMasterEnable
00001d89   PWMPulseWidthGet
00000283   ReadI2CADC
00001ea7   ResetISR
00001215   RisEdgeIntHandler
UNDEFED    SHT$$INIT_ARRAY$$Base
UNDEFED    SHT$$INIT_ARRAY$$Limit
00001951   SysCtlClockGet
00000605   TestProgram1
00000981   TestProgram2
00000d01   TestProgram3
00001155   Timer0IntHandler
00001167   Timer1IntHandler
00001179   Timer2IntHandler
00001199   Timer3IntHandler
00001df1   TimerDisable
00001e4b   TimerEnable
00001efd   TimerIntClear
00001e19   TimerLoadSet
00001ed7   TimerLoadSet64
00001ebd   TimerValueGet
00001dd9   TimerValueGet64
00001e59   UARTCharGetNonBlocking
00001e67   UARTCharPutNonBlocking
00001e9b   UARTCharsAvail
0000026d   UARTFlush
20000200   __STACK_END
00000200   __STACK_SIZE
20000200   __STACK_TOP
00002008   __TI_CINIT_Base
00002018   __TI_CINIT_Limit
00001ff0   __TI_Handler_Table_Base
00001ffc   __TI_Handler_Table_Limit
00000001   __TI_args_main
00001b05   __TI_auto_init
20000228   __TI_cleanup_ptr
00001e75   __TI_decompress_none
00001eeb   __TI_decompress_rle24
2000022c   __TI_dtors_ptr
00000000   __TI_static_base__
00001e2b   __TI_zero_init
00001dc1   __aeabi_lmul
00001a69   __aeabi_memcpy
00001a69   __aeabi_memcpy4
00001a69   __aeabi_memcpy8
0000175d   __aeabi_uldivmod
ffffffff   __binit__
ffffffff   __c_args__
20000000   __stack
00001da9   _args_main
00001cb9   _c_int00
20000220   _lock
00001e13   _nop
00001e0b   _register_lock
00001e05   _register_unlock
20000224   _unlock
00001d49   abort
ffffffff   binit
20000208   bytes_2
2000020c   bytes_4
00001d01   copy_in
00001d51   exit
20000210   freqRPM
00000000   g_pfnVectors
20000200   incr
00001561   main
20000230   main_func_sp
00001a69   memcpy
2000021c   nextDataBundle
2000021d   nextSection
20000214   timeMilli
20000218   timerLoad
2000021e   up


GLOBAL SYMBOLS: SORTED BY Symbol Address 

address    name
--------   ----
00000000   __TI_static_base__
00000000   g_pfnVectors
00000001   __TI_args_main
00000200   __STACK_SIZE
0000026d   UARTFlush
00000283   ReadI2CADC
00000395   GatherData
00000605   TestProgram1
00000981   TestProgram2
00000d01   TestProgram3
00000f97   CalibrationProgram
00001155   Timer0IntHandler
00001167   Timer1IntHandler
00001179   Timer2IntHandler
00001199   Timer3IntHandler
00001215   RisEdgeIntHandler
0000128d   Config
00001561   main
0000175d   __aeabi_uldivmod
00001951   SysCtlClockGet
00001a69   __aeabi_memcpy
00001a69   __aeabi_memcpy4
00001a69   __aeabi_memcpy8
00001a69   memcpy
00001b05   __TI_auto_init
00001b99   IntDisable
00001bf9   IntEnable
00001cb9   _c_int00
00001d01   copy_in
00001d45   C$$EXIT
00001d49   abort
00001d51   exit
00001d89   PWMPulseWidthGet
00001da9   _args_main
00001dc1   __aeabi_lmul
00001dd9   TimerValueGet64
00001df1   TimerDisable
00001e05   _register_unlock
00001e0b   _register_lock
00001e13   _nop
00001e19   TimerLoadSet
00001e2b   __TI_zero_init
00001e3d   GPIOIntDisable
00001e4b   TimerEnable
00001e59   UARTCharGetNonBlocking
00001e67   UARTCharPutNonBlocking
00001e75   __TI_decompress_none
00001e83   CPUcpsie
00001e8f   GPIOIntEnable
00001e9b   UARTCharsAvail
00001ea7   ResetISR
00001eb3   IntMasterEnable
00001ebd   TimerValueGet
00001ec7   I2CMasterBusy
00001ecf   I2CMasterSlaveAddrSet
00001ed7   TimerLoadSet64
00001edf   GPIOIntClear
00001ee5   GPIOPinWrite
00001eeb   __TI_decompress_rle24
00001ef1   I2CMasterControl
00001ef5   I2CMasterDataGet
00001ef9   I2CMasterDataPut
00001efd   TimerIntClear
00001ff0   __TI_Handler_Table_Base
00001ffc   __TI_Handler_Table_Limit
00002008   __TI_CINIT_Base
00002018   __TI_CINIT_Limit
20000000   __stack
20000200   __STACK_END
20000200   __STACK_TOP
20000200   incr
20000208   bytes_2
2000020c   bytes_4
20000210   freqRPM
20000214   timeMilli
20000218   timerLoad
2000021c   nextDataBundle
2000021d   nextSection
2000021e   up
20000220   _lock
20000224   _unlock
20000228   __TI_cleanup_ptr
2000022c   __TI_dtors_ptr
20000230   main_func_sp
ffffffff   __binit__
ffffffff   __c_args__
ffffffff   binit
UNDEFED    SHT$$INIT_ARRAY$$Base
UNDEFED    SHT$$INIT_ARRAY$$Limit

[89 symbols]
